Archive member included to satisfy reference by file (symbol)

c:/program files (x86)/atmel/studio/7.0/toolchain/avr8/avr8-gnu-toolchain/bin/../lib/gcc/avr/5.4.0/avr5\libgcc.a(_udivmodhi4.o)
                              motor.o (__udivmodhi4)
c:/program files (x86)/atmel/studio/7.0/toolchain/avr8/avr8-gnu-toolchain/bin/../lib/gcc/avr/5.4.0/avr5\libgcc.a(_divmodhi4.o)
                              motor.o (__divmodhi4)
c:/program files (x86)/atmel/studio/7.0/toolchain/avr8/avr8-gnu-toolchain/bin/../lib/gcc/avr/5.4.0/avr5\libgcc.a(_udivmodsi4.o)
                              main.o (__udivmodsi4)
c:/program files (x86)/atmel/studio/7.0/toolchain/avr8/avr8-gnu-toolchain/bin/../lib/gcc/avr/5.4.0/avr5\libgcc.a(_divmodsi4.o)
                              motor.o (__divmodsi4)
c:/program files (x86)/atmel/studio/7.0/toolchain/avr8/avr8-gnu-toolchain/bin/../lib/gcc/avr/5.4.0/avr5\libgcc.a(_negsi2.o)
                              c:/program files (x86)/atmel/studio/7.0/toolchain/avr8/avr8-gnu-toolchain/bin/../lib/gcc/avr/5.4.0/avr5\libgcc.a(_divmodsi4.o) (__negsi2)
c:/program files (x86)/atmel/studio/7.0/toolchain/avr8/avr8-gnu-toolchain/bin/../lib/gcc/avr/5.4.0/avr5\libgcc.a(_exit.o)
                              c:/program files (x86)/atmel/studio/7.0/toolchain/avr8/avr8-gnu-toolchain/bin/../lib/gcc/avr/5.4.0/../../../../avr/lib/avr5/crtat90can32.o (exit)
c:/program files (x86)/atmel/studio/7.0/toolchain/avr8/avr8-gnu-toolchain/bin/../lib/gcc/avr/5.4.0/avr5\libgcc.a(_copy_data.o)
                              bss.o (__do_copy_data)
c:/program files (x86)/atmel/studio/7.0/toolchain/avr8/avr8-gnu-toolchain/bin/../lib/gcc/avr/5.4.0/avr5\libgcc.a(_clear_bss.o)
                              encoder.o (__do_clear_bss)
c:/program files (x86)/atmel/studio/7.0/toolchain/avr8/avr8-gnu-toolchain/bin/../lib/gcc/avr/5.4.0/avr5\libgcc.a(_umulhisi3.o)
                              motor.o (__umulhisi3)
c:/program files (x86)/atmel/studio/7.0/toolchain/avr8/avr8-gnu-toolchain/bin/../lib/gcc/avr/5.4.0/avr5\libgcc.a(_usmulhisi3.o)
                              util.o (__usmulhisi3)
c:/program files (x86)/atmel/studio/7.0/toolchain/avr8/avr8-gnu-toolchain/bin/../lib/gcc/avr/5.4.0/avr5\libgcc.a(_muluhisi3.o)
                              messaging.o (__muluhisi3)
c:/program files (x86)/atmel/studio/7.0/toolchain/avr8/avr8-gnu-toolchain/bin/../lib/gcc/avr/5.4.0/../../../../avr/lib/avr5\libc.a(memcpy.o)
                              usart.o (memcpy)
c:/program files (x86)/atmel/studio/7.0/toolchain/avr8/avr8-gnu-toolchain/bin/../lib/gcc/avr/5.4.0/../../../../avr/lib/avr5\libc.a(memmove.o)
                              usart.o (memmove)
c:/program files (x86)/atmel/studio/7.0/toolchain/avr8/avr8-gnu-toolchain/bin/../lib/gcc/avr/5.4.0/../../../../avr/lib/avr5\libc.a(itoa_ncheck.o)
                              usart.o (__itoa_ncheck)
c:/program files (x86)/atmel/studio/7.0/toolchain/avr8/avr8-gnu-toolchain/bin/../lib/gcc/avr/5.4.0/../../../../avr/lib/avr5\libc.a(utoa_ncheck.o)
                              c:/program files (x86)/atmel/studio/7.0/toolchain/avr8/avr8-gnu-toolchain/bin/../lib/gcc/avr/5.4.0/../../../../avr/lib/avr5\libc.a(itoa_ncheck.o) (__utoa_common)
c:/program files (x86)/atmel/studio/7.0/toolchain/avr8/avr8-gnu-toolchain/bin/../lib/gcc/avr/5.4.0/../../../../avr/lib/avr5\libc.a(strrev.o)
                              c:/program files (x86)/atmel/studio/7.0/toolchain/avr8/avr8-gnu-toolchain/bin/../lib/gcc/avr/5.4.0/../../../../avr/lib/avr5\libc.a(utoa_ncheck.o) (strrev)

Allocating common symbols
Common symbol       size              file

motor_power         0x2               motor.o
pid_runs            0x2               motor.o
old_velocity        0x2               encoder.o
Ki                  0x2               motor.o
pos_i               0x4               motor.o
motor_target_pos    0x4               motor.o
PID_due             0x1               timers.o
devSer              0x1               HindsightCAN/PortAT90CANxxx.o
motor_target_vel    0x2               motor.o
gate_control_top    0x1               encoder.o
gate_control        0x1               encoder.o
rxed_mobs           0x2               HindsightCAN/PortAT90CANxxx.o
motor_max_pos       0x4               motor.o
av                  0x2               motor.o
raw_velocity        0x2               encoder.o
usart_TX_buf        0x10              usart.o
pid_target          0x4               motor.o
vticks              0x2               encoder.o
txend               0x1               usart.o
msgs_av             0x1               HindsightCAN/PortAT90CANxxx.o
rxbp                0x1               usart.o
slow                0x1               motor.o
last_set            0x4               motor.o
usart_RX_buf        0x10              usart.o
current             0x2               motor.o
TOF_Cnt             0x4               timers.o
tgt_inc             0x1               motor.o
txbp                0x1               usart.o
devGrp              0x1               HindsightCAN/PortAT90CANxxx.o
Kd                  0x2               motor.o
encoder_ticks       0x4               encoder.o
Kp                  0x2               motor.o
avg                 0x2               motor.o
motor_max_current   0x2               motor.o
last_pos_err        0x4               motor.o
LED_states          0x1               util.o
motor_mode          0x1               motor.o

Discarded input sections

 .data          0x00000000        0x0 c:/program files (x86)/atmel/studio/7.0/toolchain/avr8/avr8-gnu-toolchain/bin/../lib/gcc/avr/5.4.0/../../../../avr/lib/avr5/crtat90can32.o
 .bss           0x00000000        0x0 c:/program files (x86)/atmel/studio/7.0/toolchain/avr8/avr8-gnu-toolchain/bin/../lib/gcc/avr/5.4.0/../../../../avr/lib/avr5/crtat90can32.o
 .text          0x00000000        0x0 adc.o
 .data          0x00000000        0x0 adc.o
 .bss           0x00000000        0x0 adc.o
 .text.externalAREF
                0x00000000       0x28 adc.o
 .text.get_voltage
                0x00000000       0x2e adc.o
 .text          0x00000000        0x0 bss.o
 .data          0x00000000        0x0 bss.o
 .bss           0x00000000        0x0 bss.o
 .text          0x00000000        0x0 encoder.o
 .data          0x00000000        0x0 encoder.o
 .bss           0x00000000        0x0 encoder.o
 .text          0x00000000        0x0 HindsightCAN/CANCommon.o
 .data          0x00000000        0x0 HindsightCAN/CANCommon.o
 .bss           0x00000000        0x0 HindsightCAN/CANCommon.o
 .text.AssembleEmergencyStopPacket
                0x00000000       0x30 HindsightCAN/CANCommon.o
 .text.AssembleGroupBroadcastingEmergencyStopPacket
                0x00000000        0xa HindsightCAN/CANCommon.o
 .text.AssembleBrodcastEmergencyStopPacket
                0x00000000        0xa HindsightCAN/CANCommon.o
 .text.GetEmergencyStopErrorCode
                0x00000000       0x1c HindsightCAN/CANCommon.o
 .text.GetHeartbeatTimeStamp
                0x00000000       0x3e HindsightCAN/CANCommon.o
 .text.GetTimeBetweenHeartbeatPacket
                0x00000000       0x40 HindsightCAN/CANCommon.o
 .text.GetHeartbeatLeniencyCode
                0x00000000       0x1c HindsightCAN/CANCommon.o
 .text.AssembleHeartbeatPacket
                0x00000000       0x80 HindsightCAN/CANCommon.o
 .text.AssembleFailReportPacket
                0x00000000       0x30 HindsightCAN/CANCommon.o
 .text.AssembleOverrideProtectionPacket
                0x00000000       0x24 HindsightCAN/CANCommon.o
 .text.AssembleChipTypePullPacket
                0x00000000       0x38 HindsightCAN/CANCommon.o
 .text.AssembleChipTypeReportPacket
                0x00000000       0x38 HindsightCAN/CANCommon.o
 .text.GetChipTypeFromPacket
                0x00000000        0x6 HindsightCAN/CANCommon.o
 .text.AssembleTelemetryTimingPacket
                0x00000000       0x60 HindsightCAN/CANCommon.o
 .text.AssembleTelemetryPullPacket
                0x00000000       0x30 HindsightCAN/CANCommon.o
 .text.AssembleTelemetryReportPacket
                0x00000000       0x60 HindsightCAN/CANCommon.o
 .text.DecodeTelemetryDataSigned
                0x00000000       0x10 HindsightCAN/CANCommon.o
 .text.GetTelemetryTimingFromPacket
                0x00000000        0x6 HindsightCAN/CANCommon.o
 .text.DecodeTelemetryDataUnsigned
                0x00000000        0x6 HindsightCAN/CANCommon.o
 .text.DecodeTelemetryType
                0x00000000        0x6 HindsightCAN/CANCommon.o
 .text.AssembleRGBColorPacket
                0x00000000       0x42 HindsightCAN/CANCommon.o
 .debug_info    0x00000000      0xbf9 HindsightCAN/CANCommon.o
 .debug_abbrev  0x00000000      0x1bf HindsightCAN/CANCommon.o
 .debug_loc     0x00000000      0xfa4 HindsightCAN/CANCommon.o
 .debug_aranges
                0x00000000       0xc0 HindsightCAN/CANCommon.o
 .debug_ranges  0x00000000       0xb0 HindsightCAN/CANCommon.o
 .debug_line    0x00000000      0x413 HindsightCAN/CANCommon.o
 .debug_str     0x00000000      0x57f HindsightCAN/CANCommon.o
 .comment       0x00000000       0x31 HindsightCAN/CANCommon.o
 .debug_frame   0x00000000      0x2c4 HindsightCAN/CANCommon.o
 .text          0x00000000        0x0 HindsightCAN/CANMotorUnit.o
 .data          0x00000000        0x0 HindsightCAN/CANMotorUnit.o
 .bss           0x00000000        0x0 HindsightCAN/CANMotorUnit.o
 .text.AssembleModeSetPacket
                0x00000000       0x30 HindsightCAN/CANMotorUnit.o
 .text.AssemblePWMDirSetPacket
                0x00000000       0x38 HindsightCAN/CANMotorUnit.o
 .text.GetDirectionFromPacket
                0x00000000       0x12 HindsightCAN/CANMotorUnit.o
 .text.AssemblePIDTargetSetPacket
                0x00000000       0x4c HindsightCAN/CANMotorUnit.o
 .text.AssemblePSetPacket
                0x00000000       0x4c HindsightCAN/CANMotorUnit.o
 .text.GetPFromPacket
                0x00000000       0x10 HindsightCAN/CANMotorUnit.o
 .text.AssembleISetPacket
                0x00000000       0x4c HindsightCAN/CANMotorUnit.o
 .text.GetIFromPacket
                0x00000000       0x10 HindsightCAN/CANMotorUnit.o
 .text.AssembleDSetPacket
                0x00000000       0x4c HindsightCAN/CANMotorUnit.o
 .text.GetDFromPacket
                0x00000000       0x10 HindsightCAN/CANMotorUnit.o
 .text.AssembleInitializePacket
                0x00000000       0x30 HindsightCAN/CANMotorUnit.o
 .text.GetInitModeFromPacket
                0x00000000        0x6 HindsightCAN/CANMotorUnit.o
 .text.AssembleLimitSwitchAlertPacket
                0x00000000       0x30 HindsightCAN/CANMotorUnit.o
 .text.GetLimStatusFromPacket
                0x00000000        0x6 HindsightCAN/CANMotorUnit.o
 .text.AssembleEncoderPPJRSetPacket
                0x00000000       0x4c HindsightCAN/CANMotorUnit.o
 .text.AssembleMaxJointRevolutionPacket
                0x00000000       0x4c HindsightCAN/CANMotorUnit.o
 .text.GetMaxJointRevolutionsFromPacket
                0x00000000       0x10 HindsightCAN/CANMotorUnit.o
 .text.AssembleEncoderInitializePacket
                0x00000000       0x68 HindsightCAN/CANMotorUnit.o
 .text.GetEncoderTypeFromPacket
                0x00000000        0x8 HindsightCAN/CANMotorUnit.o
 .text.GetEncoderDirectionFromPacket
                0x00000000        0x8 HindsightCAN/CANMotorUnit.o
 .text.GetEncoderZeroFromPacket
                0x00000000        0x8 HindsightCAN/CANMotorUnit.o
 .text          0x00000000        0x0 HindsightCAN/CANPacket.o
 .data          0x00000000        0x0 HindsightCAN/CANPacket.o
 .bss           0x00000000        0x0 HindsightCAN/CANPacket.o
 .text.ConstructCANID
                0x00000000       0x20 HindsightCAN/CANPacket.o
 .text.ConstructCANPacket
                0x00000000       0x68 HindsightCAN/CANPacket.o
 .text.WriteSenderSerialAndPacketID
                0x00000000       0x1e HindsightCAN/CANPacket.o
 .text.WritePacketIDOnly
                0x00000000        0xa HindsightCAN/CANPacket.o
 .text.GetPacketPriority
                0x00000000        0xc HindsightCAN/CANPacket.o
 .text.GetDeviceSerialNumber
                0x00000000        0x8 HindsightCAN/CANPacket.o
 .text.GetSenderDeviceSerialNumber
                0x00000000        0x6 HindsightCAN/CANPacket.o
 .text.GetDeviceGroupCode
                0x00000000       0x1c HindsightCAN/CANPacket.o
 .text.GetSenderDeviceGroupCode
                0x00000000        0x6 HindsightCAN/CANPacket.o
 .text.PacketIsInGroup
                0x00000000       0x28 HindsightCAN/CANPacket.o
 .text.SenderPacketIsInGroup
                0x00000000       0x14 HindsightCAN/CANPacket.o
 .text.SenderPacketIsOfDevice
                0x00000000       0x14 HindsightCAN/CANPacket.o
 .text.PacketIsOfID
                0x00000000       0x18 HindsightCAN/CANPacket.o
 .text.TargetsDevice
                0x00000000       0x42 HindsightCAN/CANPacket.o
 .text.PackIntIntoDataMSBFirst
                0x00000000       0x10 HindsightCAN/CANPacket.o
 .text.PackShortIntoDataMSBFirst
                0x00000000        0xc HindsightCAN/CANPacket.o
 .text          0x00000000        0x0 HindsightCAN/PortAT90CANxxx.o
 .data          0x00000000        0x0 HindsightCAN/PortAT90CANxxx.o
 .bss           0x00000000        0x0 HindsightCAN/PortAT90CANxxx.o
 .text.find_free_mob
                0x00000000       0x44 HindsightCAN/PortAT90CANxxx.o
 .text.SendCANPacket
                0x00000000       0x94 HindsightCAN/PortAT90CANxxx.o
 .text.getLocalDeviceGroup
                0x00000000        0x6 HindsightCAN/PortAT90CANxxx.o
 .text.getChipType
                0x00000000        0x4 HindsightCAN/PortAT90CANxxx.o
 .text          0x00000000        0x0 main.o
 .data          0x00000000        0x0 main.o
 .bss           0x00000000        0x0 main.o
 .text.get_dip_switch
                0x00000000        0x8 main.o
 .text          0x00000000        0x0 messaging.o
 .data          0x00000000        0x0 messaging.o
 .bss           0x00000000        0x0 messaging.o
 .text          0x00000000        0x0 motor.o
 .data          0x00000000        0x0 motor.o
 .bss           0x00000000        0x0 motor.o
 .text.get_motor_current
                0x00000000       0x14 motor.o
 .text.check_motor_stall
                0x00000000        0x4 motor.o
 .text.set_motor_current_limit
                0x00000000        0xa motor.o
 .text.get_target_position
                0x00000000       0x12 motor.o
 .text.get_target_velocity
                0x00000000       0x12 motor.o
 .text.get_motor_velocity
                0x00000000        0x6 motor.o
 .text.index_motor
                0x00000000       0x38 motor.o
 .text.get_motor_max_position
                0x00000000       0x12 motor.o
 .text          0x00000000        0x0 pwm.o
 .data          0x00000000        0x0 pwm.o
 .bss           0x00000000        0x0 pwm.o
 .text.disable_PWM
                0x00000000       0x48 pwm.o
 .text          0x00000000        0x0 servo.o
 .data          0x00000000        0x0 servo.o
 .bss           0x00000000        0x0 servo.o
 .text          0x00000000        0x0 spi.o
 .data          0x00000000        0x0 spi.o
 .bss           0x00000000        0x0 spi.o
 .text.SPI_init
                0x00000000       0x1e spi.o
 .text.SPI_write
                0x00000000        0xa spi.o
 .text.SPI_read
                0x00000000        0xa spi.o
 .text.SPI_rw   0x00000000        0xc spi.o
 .debug_info    0x00000000       0xfe spi.o
 .debug_abbrev  0x00000000       0xb2 spi.o
 .debug_loc     0x00000000       0x59 spi.o
 .debug_aranges
                0x00000000       0x38 spi.o
 .debug_ranges  0x00000000       0x28 spi.o
 .debug_line    0x00000000      0x136 spi.o
 .debug_str     0x00000000      0x191 spi.o
 .comment       0x00000000       0x31 spi.o
 .debug_frame   0x00000000       0x54 spi.o
 .text          0x00000000        0x0 timers.o
 .data          0x00000000        0x0 timers.o
 .bss           0x00000000        0x0 timers.o
 .text.get_uS   0x00000000       0x32 timers.o
 .text          0x00000000        0x0 usart.o
 .data          0x00000000        0x0 usart.o
 .bss           0x00000000        0x0 usart.o
 .text.usart_read
                0x00000000       0x90 usart.o
 .text.usart_end
                0x00000000        0x6 usart.o
 .text.usart_read_char
                0x00000000       0x1e usart.o
 .text.usart_available
                0x00000000        0x8 usart.o
 .text          0x00000000        0x0 util.o
 .data          0x00000000        0x0 util.o
 .bss           0x00000000        0x0 util.o
 .text.max      0x00000000       0x14 util.o
 .rodata.str1.1
                0x00000000        0x3 util.o
 .text.read_string
                0x00000000       0x7c util.o
 .text.tendeg_to_ticks
                0x00000000       0x1e util.o
 .text.deg_to_ticks
                0x00000000       0x1e util.o
 .text          0x00000000        0x0 c:/program files (x86)/atmel/studio/7.0/toolchain/avr8/avr8-gnu-toolchain/bin/../lib/gcc/avr/5.4.0/avr5\libgcc.a(_udivmodhi4.o)
 .data          0x00000000        0x0 c:/program files (x86)/atmel/studio/7.0/toolchain/avr8/avr8-gnu-toolchain/bin/../lib/gcc/avr/5.4.0/avr5\libgcc.a(_udivmodhi4.o)
 .bss           0x00000000        0x0 c:/program files (x86)/atmel/studio/7.0/toolchain/avr8/avr8-gnu-toolchain/bin/../lib/gcc/avr/5.4.0/avr5\libgcc.a(_udivmodhi4.o)
 .text.libgcc.mul
                0x00000000        0x0 c:/program files (x86)/atmel/studio/7.0/toolchain/avr8/avr8-gnu-toolchain/bin/../lib/gcc/avr/5.4.0/avr5\libgcc.a(_udivmodhi4.o)
 .text.libgcc   0x00000000        0x0 c:/program files (x86)/atmel/studio/7.0/toolchain/avr8/avr8-gnu-toolchain/bin/../lib/gcc/avr/5.4.0/avr5\libgcc.a(_udivmodhi4.o)
 .text.libgcc.prologue
                0x00000000        0x0 c:/program files (x86)/atmel/studio/7.0/toolchain/avr8/avr8-gnu-toolchain/bin/../lib/gcc/avr/5.4.0/avr5\libgcc.a(_udivmodhi4.o)
 .text.libgcc.builtins
                0x00000000        0x0 c:/program files (x86)/atmel/studio/7.0/toolchain/avr8/avr8-gnu-toolchain/bin/../lib/gcc/avr/5.4.0/avr5\libgcc.a(_udivmodhi4.o)
 .text.libgcc.fmul
                0x00000000        0x0 c:/program files (x86)/atmel/studio/7.0/toolchain/avr8/avr8-gnu-toolchain/bin/../lib/gcc/avr/5.4.0/avr5\libgcc.a(_udivmodhi4.o)
 .text.libgcc.fixed
                0x00000000        0x0 c:/program files (x86)/atmel/studio/7.0/toolchain/avr8/avr8-gnu-toolchain/bin/../lib/gcc/avr/5.4.0/avr5\libgcc.a(_udivmodhi4.o)
 .text          0x00000000        0x0 c:/program files (x86)/atmel/studio/7.0/toolchain/avr8/avr8-gnu-toolchain/bin/../lib/gcc/avr/5.4.0/avr5\libgcc.a(_divmodhi4.o)
 .data          0x00000000        0x0 c:/program files (x86)/atmel/studio/7.0/toolchain/avr8/avr8-gnu-toolchain/bin/../lib/gcc/avr/5.4.0/avr5\libgcc.a(_divmodhi4.o)
 .bss           0x00000000        0x0 c:/program files (x86)/atmel/studio/7.0/toolchain/avr8/avr8-gnu-toolchain/bin/../lib/gcc/avr/5.4.0/avr5\libgcc.a(_divmodhi4.o)
 .text.libgcc.mul
                0x00000000        0x0 c:/program files (x86)/atmel/studio/7.0/toolchain/avr8/avr8-gnu-toolchain/bin/../lib/gcc/avr/5.4.0/avr5\libgcc.a(_divmodhi4.o)
 .text.libgcc   0x00000000        0x0 c:/program files (x86)/atmel/studio/7.0/toolchain/avr8/avr8-gnu-toolchain/bin/../lib/gcc/avr/5.4.0/avr5\libgcc.a(_divmodhi4.o)
 .text.libgcc.prologue
                0x00000000        0x0 c:/program files (x86)/atmel/studio/7.0/toolchain/avr8/avr8-gnu-toolchain/bin/../lib/gcc/avr/5.4.0/avr5\libgcc.a(_divmodhi4.o)
 .text.libgcc.builtins
                0x00000000        0x0 c:/program files (x86)/atmel/studio/7.0/toolchain/avr8/avr8-gnu-toolchain/bin/../lib/gcc/avr/5.4.0/avr5\libgcc.a(_divmodhi4.o)
 .text.libgcc.fmul
                0x00000000        0x0 c:/program files (x86)/atmel/studio/7.0/toolchain/avr8/avr8-gnu-toolchain/bin/../lib/gcc/avr/5.4.0/avr5\libgcc.a(_divmodhi4.o)
 .text.libgcc.fixed
                0x00000000        0x0 c:/program files (x86)/atmel/studio/7.0/toolchain/avr8/avr8-gnu-toolchain/bin/../lib/gcc/avr/5.4.0/avr5\libgcc.a(_divmodhi4.o)
 .text          0x00000000        0x0 c:/program files (x86)/atmel/studio/7.0/toolchain/avr8/avr8-gnu-toolchain/bin/../lib/gcc/avr/5.4.0/avr5\libgcc.a(_udivmodsi4.o)
 .data          0x00000000        0x0 c:/program files (x86)/atmel/studio/7.0/toolchain/avr8/avr8-gnu-toolchain/bin/../lib/gcc/avr/5.4.0/avr5\libgcc.a(_udivmodsi4.o)
 .bss           0x00000000        0x0 c:/program files (x86)/atmel/studio/7.0/toolchain/avr8/avr8-gnu-toolchain/bin/../lib/gcc/avr/5.4.0/avr5\libgcc.a(_udivmodsi4.o)
 .text.libgcc.mul
                0x00000000        0x0 c:/program files (x86)/atmel/studio/7.0/toolchain/avr8/avr8-gnu-toolchain/bin/../lib/gcc/avr/5.4.0/avr5\libgcc.a(_udivmodsi4.o)
 .text.libgcc   0x00000000        0x0 c:/program files (x86)/atmel/studio/7.0/toolchain/avr8/avr8-gnu-toolchain/bin/../lib/gcc/avr/5.4.0/avr5\libgcc.a(_udivmodsi4.o)
 .text.libgcc.prologue
                0x00000000        0x0 c:/program files (x86)/atmel/studio/7.0/toolchain/avr8/avr8-gnu-toolchain/bin/../lib/gcc/avr/5.4.0/avr5\libgcc.a(_udivmodsi4.o)
 .text.libgcc.builtins
                0x00000000        0x0 c:/program files (x86)/atmel/studio/7.0/toolchain/avr8/avr8-gnu-toolchain/bin/../lib/gcc/avr/5.4.0/avr5\libgcc.a(_udivmodsi4.o)
 .text.libgcc.fmul
                0x00000000        0x0 c:/program files (x86)/atmel/studio/7.0/toolchain/avr8/avr8-gnu-toolchain/bin/../lib/gcc/avr/5.4.0/avr5\libgcc.a(_udivmodsi4.o)
 .text.libgcc.fixed
                0x00000000        0x0 c:/program files (x86)/atmel/studio/7.0/toolchain/avr8/avr8-gnu-toolchain/bin/../lib/gcc/avr/5.4.0/avr5\libgcc.a(_udivmodsi4.o)
 .text          0x00000000        0x0 c:/program files (x86)/atmel/studio/7.0/toolchain/avr8/avr8-gnu-toolchain/bin/../lib/gcc/avr/5.4.0/avr5\libgcc.a(_divmodsi4.o)
 .data          0x00000000        0x0 c:/program files (x86)/atmel/studio/7.0/toolchain/avr8/avr8-gnu-toolchain/bin/../lib/gcc/avr/5.4.0/avr5\libgcc.a(_divmodsi4.o)
 .bss           0x00000000        0x0 c:/program files (x86)/atmel/studio/7.0/toolchain/avr8/avr8-gnu-toolchain/bin/../lib/gcc/avr/5.4.0/avr5\libgcc.a(_divmodsi4.o)
 .text.libgcc.mul
                0x00000000        0x0 c:/program files (x86)/atmel/studio/7.0/toolchain/avr8/avr8-gnu-toolchain/bin/../lib/gcc/avr/5.4.0/avr5\libgcc.a(_divmodsi4.o)
 .text.libgcc   0x00000000        0x0 c:/program files (x86)/atmel/studio/7.0/toolchain/avr8/avr8-gnu-toolchain/bin/../lib/gcc/avr/5.4.0/avr5\libgcc.a(_divmodsi4.o)
 .text.libgcc.prologue
                0x00000000        0x0 c:/program files (x86)/atmel/studio/7.0/toolchain/avr8/avr8-gnu-toolchain/bin/../lib/gcc/avr/5.4.0/avr5\libgcc.a(_divmodsi4.o)
 .text.libgcc.builtins
                0x00000000        0x0 c:/program files (x86)/atmel/studio/7.0/toolchain/avr8/avr8-gnu-toolchain/bin/../lib/gcc/avr/5.4.0/avr5\libgcc.a(_divmodsi4.o)
 .text.libgcc.fmul
                0x00000000        0x0 c:/program files (x86)/atmel/studio/7.0/toolchain/avr8/avr8-gnu-toolchain/bin/../lib/gcc/avr/5.4.0/avr5\libgcc.a(_divmodsi4.o)
 .text.libgcc.fixed
                0x00000000        0x0 c:/program files (x86)/atmel/studio/7.0/toolchain/avr8/avr8-gnu-toolchain/bin/../lib/gcc/avr/5.4.0/avr5\libgcc.a(_divmodsi4.o)
 .text          0x00000000        0x0 c:/program files (x86)/atmel/studio/7.0/toolchain/avr8/avr8-gnu-toolchain/bin/../lib/gcc/avr/5.4.0/avr5\libgcc.a(_negsi2.o)
 .data          0x00000000        0x0 c:/program files (x86)/atmel/studio/7.0/toolchain/avr8/avr8-gnu-toolchain/bin/../lib/gcc/avr/5.4.0/avr5\libgcc.a(_negsi2.o)
 .bss           0x00000000        0x0 c:/program files (x86)/atmel/studio/7.0/toolchain/avr8/avr8-gnu-toolchain/bin/../lib/gcc/avr/5.4.0/avr5\libgcc.a(_negsi2.o)
 .text.libgcc.mul
                0x00000000        0x0 c:/program files (x86)/atmel/studio/7.0/toolchain/avr8/avr8-gnu-toolchain/bin/../lib/gcc/avr/5.4.0/avr5\libgcc.a(_negsi2.o)
 .text.libgcc   0x00000000        0x0 c:/program files (x86)/atmel/studio/7.0/toolchain/avr8/avr8-gnu-toolchain/bin/../lib/gcc/avr/5.4.0/avr5\libgcc.a(_negsi2.o)
 .text.libgcc.prologue
                0x00000000        0x0 c:/program files (x86)/atmel/studio/7.0/toolchain/avr8/avr8-gnu-toolchain/bin/../lib/gcc/avr/5.4.0/avr5\libgcc.a(_negsi2.o)
 .text.libgcc.builtins
                0x00000000        0x0 c:/program files (x86)/atmel/studio/7.0/toolchain/avr8/avr8-gnu-toolchain/bin/../lib/gcc/avr/5.4.0/avr5\libgcc.a(_negsi2.o)
 .text.libgcc.fmul
                0x00000000        0x0 c:/program files (x86)/atmel/studio/7.0/toolchain/avr8/avr8-gnu-toolchain/bin/../lib/gcc/avr/5.4.0/avr5\libgcc.a(_negsi2.o)
 .text.libgcc.fixed
                0x00000000        0x0 c:/program files (x86)/atmel/studio/7.0/toolchain/avr8/avr8-gnu-toolchain/bin/../lib/gcc/avr/5.4.0/avr5\libgcc.a(_negsi2.o)
 .text          0x00000000        0x0 c:/program files (x86)/atmel/studio/7.0/toolchain/avr8/avr8-gnu-toolchain/bin/../lib/gcc/avr/5.4.0/avr5\libgcc.a(_exit.o)
 .data          0x00000000        0x0 c:/program files (x86)/atmel/studio/7.0/toolchain/avr8/avr8-gnu-toolchain/bin/../lib/gcc/avr/5.4.0/avr5\libgcc.a(_exit.o)
 .bss           0x00000000        0x0 c:/program files (x86)/atmel/studio/7.0/toolchain/avr8/avr8-gnu-toolchain/bin/../lib/gcc/avr/5.4.0/avr5\libgcc.a(_exit.o)
 .text.libgcc.mul
                0x00000000        0x0 c:/program files (x86)/atmel/studio/7.0/toolchain/avr8/avr8-gnu-toolchain/bin/../lib/gcc/avr/5.4.0/avr5\libgcc.a(_exit.o)
 .text.libgcc.div
                0x00000000        0x0 c:/program files (x86)/atmel/studio/7.0/toolchain/avr8/avr8-gnu-toolchain/bin/../lib/gcc/avr/5.4.0/avr5\libgcc.a(_exit.o)
 .text.libgcc   0x00000000        0x0 c:/program files (x86)/atmel/studio/7.0/toolchain/avr8/avr8-gnu-toolchain/bin/../lib/gcc/avr/5.4.0/avr5\libgcc.a(_exit.o)
 .text.libgcc.prologue
                0x00000000        0x0 c:/program files (x86)/atmel/studio/7.0/toolchain/avr8/avr8-gnu-toolchain/bin/../lib/gcc/avr/5.4.0/avr5\libgcc.a(_exit.o)
 .text.libgcc.builtins
                0x00000000        0x0 c:/program files (x86)/atmel/studio/7.0/toolchain/avr8/avr8-gnu-toolchain/bin/../lib/gcc/avr/5.4.0/avr5\libgcc.a(_exit.o)
 .text.libgcc.fmul
                0x00000000        0x0 c:/program files (x86)/atmel/studio/7.0/toolchain/avr8/avr8-gnu-toolchain/bin/../lib/gcc/avr/5.4.0/avr5\libgcc.a(_exit.o)
 .text.libgcc.fixed
                0x00000000        0x0 c:/program files (x86)/atmel/studio/7.0/toolchain/avr8/avr8-gnu-toolchain/bin/../lib/gcc/avr/5.4.0/avr5\libgcc.a(_exit.o)
 .text          0x00000000        0x0 c:/program files (x86)/atmel/studio/7.0/toolchain/avr8/avr8-gnu-toolchain/bin/../lib/gcc/avr/5.4.0/avr5\libgcc.a(_copy_data.o)
 .data          0x00000000        0x0 c:/program files (x86)/atmel/studio/7.0/toolchain/avr8/avr8-gnu-toolchain/bin/../lib/gcc/avr/5.4.0/avr5\libgcc.a(_copy_data.o)
 .bss           0x00000000        0x0 c:/program files (x86)/atmel/studio/7.0/toolchain/avr8/avr8-gnu-toolchain/bin/../lib/gcc/avr/5.4.0/avr5\libgcc.a(_copy_data.o)
 .text.libgcc.mul
                0x00000000        0x0 c:/program files (x86)/atmel/studio/7.0/toolchain/avr8/avr8-gnu-toolchain/bin/../lib/gcc/avr/5.4.0/avr5\libgcc.a(_copy_data.o)
 .text.libgcc.div
                0x00000000        0x0 c:/program files (x86)/atmel/studio/7.0/toolchain/avr8/avr8-gnu-toolchain/bin/../lib/gcc/avr/5.4.0/avr5\libgcc.a(_copy_data.o)
 .text.libgcc   0x00000000        0x0 c:/program files (x86)/atmel/studio/7.0/toolchain/avr8/avr8-gnu-toolchain/bin/../lib/gcc/avr/5.4.0/avr5\libgcc.a(_copy_data.o)
 .text.libgcc.prologue
                0x00000000        0x0 c:/program files (x86)/atmel/studio/7.0/toolchain/avr8/avr8-gnu-toolchain/bin/../lib/gcc/avr/5.4.0/avr5\libgcc.a(_copy_data.o)
 .text.libgcc.builtins
                0x00000000        0x0 c:/program files (x86)/atmel/studio/7.0/toolchain/avr8/avr8-gnu-toolchain/bin/../lib/gcc/avr/5.4.0/avr5\libgcc.a(_copy_data.o)
 .text.libgcc.fmul
                0x00000000        0x0 c:/program files (x86)/atmel/studio/7.0/toolchain/avr8/avr8-gnu-toolchain/bin/../lib/gcc/avr/5.4.0/avr5\libgcc.a(_copy_data.o)
 .text.libgcc.fixed
                0x00000000        0x0 c:/program files (x86)/atmel/studio/7.0/toolchain/avr8/avr8-gnu-toolchain/bin/../lib/gcc/avr/5.4.0/avr5\libgcc.a(_copy_data.o)
 .text          0x00000000        0x0 c:/program files (x86)/atmel/studio/7.0/toolchain/avr8/avr8-gnu-toolchain/bin/../lib/gcc/avr/5.4.0/avr5\libgcc.a(_clear_bss.o)
 .data          0x00000000        0x0 c:/program files (x86)/atmel/studio/7.0/toolchain/avr8/avr8-gnu-toolchain/bin/../lib/gcc/avr/5.4.0/avr5\libgcc.a(_clear_bss.o)
 .bss           0x00000000        0x0 c:/program files (x86)/atmel/studio/7.0/toolchain/avr8/avr8-gnu-toolchain/bin/../lib/gcc/avr/5.4.0/avr5\libgcc.a(_clear_bss.o)
 .text.libgcc.mul
                0x00000000        0x0 c:/program files (x86)/atmel/studio/7.0/toolchain/avr8/avr8-gnu-toolchain/bin/../lib/gcc/avr/5.4.0/avr5\libgcc.a(_clear_bss.o)
 .text.libgcc.div
                0x00000000        0x0 c:/program files (x86)/atmel/studio/7.0/toolchain/avr8/avr8-gnu-toolchain/bin/../lib/gcc/avr/5.4.0/avr5\libgcc.a(_clear_bss.o)
 .text.libgcc   0x00000000        0x0 c:/program files (x86)/atmel/studio/7.0/toolchain/avr8/avr8-gnu-toolchain/bin/../lib/gcc/avr/5.4.0/avr5\libgcc.a(_clear_bss.o)
 .text.libgcc.prologue
                0x00000000        0x0 c:/program files (x86)/atmel/studio/7.0/toolchain/avr8/avr8-gnu-toolchain/bin/../lib/gcc/avr/5.4.0/avr5\libgcc.a(_clear_bss.o)
 .text.libgcc.builtins
                0x00000000        0x0 c:/program files (x86)/atmel/studio/7.0/toolchain/avr8/avr8-gnu-toolchain/bin/../lib/gcc/avr/5.4.0/avr5\libgcc.a(_clear_bss.o)
 .text.libgcc.fmul
                0x00000000        0x0 c:/program files (x86)/atmel/studio/7.0/toolchain/avr8/avr8-gnu-toolchain/bin/../lib/gcc/avr/5.4.0/avr5\libgcc.a(_clear_bss.o)
 .text.libgcc.fixed
                0x00000000        0x0 c:/program files (x86)/atmel/studio/7.0/toolchain/avr8/avr8-gnu-toolchain/bin/../lib/gcc/avr/5.4.0/avr5\libgcc.a(_clear_bss.o)
 .text          0x00000000        0x0 c:/program files (x86)/atmel/studio/7.0/toolchain/avr8/avr8-gnu-toolchain/bin/../lib/gcc/avr/5.4.0/avr5\libgcc.a(_umulhisi3.o)
 .data          0x00000000        0x0 c:/program files (x86)/atmel/studio/7.0/toolchain/avr8/avr8-gnu-toolchain/bin/../lib/gcc/avr/5.4.0/avr5\libgcc.a(_umulhisi3.o)
 .bss           0x00000000        0x0 c:/program files (x86)/atmel/studio/7.0/toolchain/avr8/avr8-gnu-toolchain/bin/../lib/gcc/avr/5.4.0/avr5\libgcc.a(_umulhisi3.o)
 .text.libgcc.div
                0x00000000        0x0 c:/program files (x86)/atmel/studio/7.0/toolchain/avr8/avr8-gnu-toolchain/bin/../lib/gcc/avr/5.4.0/avr5\libgcc.a(_umulhisi3.o)
 .text.libgcc   0x00000000        0x0 c:/program files (x86)/atmel/studio/7.0/toolchain/avr8/avr8-gnu-toolchain/bin/../lib/gcc/avr/5.4.0/avr5\libgcc.a(_umulhisi3.o)
 .text.libgcc.prologue
                0x00000000        0x0 c:/program files (x86)/atmel/studio/7.0/toolchain/avr8/avr8-gnu-toolchain/bin/../lib/gcc/avr/5.4.0/avr5\libgcc.a(_umulhisi3.o)
 .text.libgcc.builtins
                0x00000000        0x0 c:/program files (x86)/atmel/studio/7.0/toolchain/avr8/avr8-gnu-toolchain/bin/../lib/gcc/avr/5.4.0/avr5\libgcc.a(_umulhisi3.o)
 .text.libgcc.fmul
                0x00000000        0x0 c:/program files (x86)/atmel/studio/7.0/toolchain/avr8/avr8-gnu-toolchain/bin/../lib/gcc/avr/5.4.0/avr5\libgcc.a(_umulhisi3.o)
 .text.libgcc.fixed
                0x00000000        0x0 c:/program files (x86)/atmel/studio/7.0/toolchain/avr8/avr8-gnu-toolchain/bin/../lib/gcc/avr/5.4.0/avr5\libgcc.a(_umulhisi3.o)
 .text          0x00000000        0x0 c:/program files (x86)/atmel/studio/7.0/toolchain/avr8/avr8-gnu-toolchain/bin/../lib/gcc/avr/5.4.0/avr5\libgcc.a(_usmulhisi3.o)
 .data          0x00000000        0x0 c:/program files (x86)/atmel/studio/7.0/toolchain/avr8/avr8-gnu-toolchain/bin/../lib/gcc/avr/5.4.0/avr5\libgcc.a(_usmulhisi3.o)
 .bss           0x00000000        0x0 c:/program files (x86)/atmel/studio/7.0/toolchain/avr8/avr8-gnu-toolchain/bin/../lib/gcc/avr/5.4.0/avr5\libgcc.a(_usmulhisi3.o)
 .text.libgcc.mul
                0x00000000        0xe c:/program files (x86)/atmel/studio/7.0/toolchain/avr8/avr8-gnu-toolchain/bin/../lib/gcc/avr/5.4.0/avr5\libgcc.a(_usmulhisi3.o)
 .text.libgcc.div
                0x00000000        0x0 c:/program files (x86)/atmel/studio/7.0/toolchain/avr8/avr8-gnu-toolchain/bin/../lib/gcc/avr/5.4.0/avr5\libgcc.a(_usmulhisi3.o)
 .text.libgcc   0x00000000        0x0 c:/program files (x86)/atmel/studio/7.0/toolchain/avr8/avr8-gnu-toolchain/bin/../lib/gcc/avr/5.4.0/avr5\libgcc.a(_usmulhisi3.o)
 .text.libgcc.prologue
                0x00000000        0x0 c:/program files (x86)/atmel/studio/7.0/toolchain/avr8/avr8-gnu-toolchain/bin/../lib/gcc/avr/5.4.0/avr5\libgcc.a(_usmulhisi3.o)
 .text.libgcc.builtins
                0x00000000        0x0 c:/program files (x86)/atmel/studio/7.0/toolchain/avr8/avr8-gnu-toolchain/bin/../lib/gcc/avr/5.4.0/avr5\libgcc.a(_usmulhisi3.o)
 .text.libgcc.fmul
                0x00000000        0x0 c:/program files (x86)/atmel/studio/7.0/toolchain/avr8/avr8-gnu-toolchain/bin/../lib/gcc/avr/5.4.0/avr5\libgcc.a(_usmulhisi3.o)
 .text.libgcc.fixed
                0x00000000        0x0 c:/program files (x86)/atmel/studio/7.0/toolchain/avr8/avr8-gnu-toolchain/bin/../lib/gcc/avr/5.4.0/avr5\libgcc.a(_usmulhisi3.o)
 .text          0x00000000        0x0 c:/program files (x86)/atmel/studio/7.0/toolchain/avr8/avr8-gnu-toolchain/bin/../lib/gcc/avr/5.4.0/avr5\libgcc.a(_muluhisi3.o)
 .data          0x00000000        0x0 c:/program files (x86)/atmel/studio/7.0/toolchain/avr8/avr8-gnu-toolchain/bin/../lib/gcc/avr/5.4.0/avr5\libgcc.a(_muluhisi3.o)
 .bss           0x00000000        0x0 c:/program files (x86)/atmel/studio/7.0/toolchain/avr8/avr8-gnu-toolchain/bin/../lib/gcc/avr/5.4.0/avr5\libgcc.a(_muluhisi3.o)
 .text.libgcc.div
                0x00000000        0x0 c:/program files (x86)/atmel/studio/7.0/toolchain/avr8/avr8-gnu-toolchain/bin/../lib/gcc/avr/5.4.0/avr5\libgcc.a(_muluhisi3.o)
 .text.libgcc   0x00000000        0x0 c:/program files (x86)/atmel/studio/7.0/toolchain/avr8/avr8-gnu-toolchain/bin/../lib/gcc/avr/5.4.0/avr5\libgcc.a(_muluhisi3.o)
 .text.libgcc.prologue
                0x00000000        0x0 c:/program files (x86)/atmel/studio/7.0/toolchain/avr8/avr8-gnu-toolchain/bin/../lib/gcc/avr/5.4.0/avr5\libgcc.a(_muluhisi3.o)
 .text.libgcc.builtins
                0x00000000        0x0 c:/program files (x86)/atmel/studio/7.0/toolchain/avr8/avr8-gnu-toolchain/bin/../lib/gcc/avr/5.4.0/avr5\libgcc.a(_muluhisi3.o)
 .text.libgcc.fmul
                0x00000000        0x0 c:/program files (x86)/atmel/studio/7.0/toolchain/avr8/avr8-gnu-toolchain/bin/../lib/gcc/avr/5.4.0/avr5\libgcc.a(_muluhisi3.o)
 .text.libgcc.fixed
                0x00000000        0x0 c:/program files (x86)/atmel/studio/7.0/toolchain/avr8/avr8-gnu-toolchain/bin/../lib/gcc/avr/5.4.0/avr5\libgcc.a(_muluhisi3.o)
 .text          0x00000000        0x0 c:/program files (x86)/atmel/studio/7.0/toolchain/avr8/avr8-gnu-toolchain/bin/../lib/gcc/avr/5.4.0/../../../../avr/lib/avr5\libc.a(memcpy.o)
 .data          0x00000000        0x0 c:/program files (x86)/atmel/studio/7.0/toolchain/avr8/avr8-gnu-toolchain/bin/../lib/gcc/avr/5.4.0/../../../../avr/lib/avr5\libc.a(memcpy.o)
 .bss           0x00000000        0x0 c:/program files (x86)/atmel/studio/7.0/toolchain/avr8/avr8-gnu-toolchain/bin/../lib/gcc/avr/5.4.0/../../../../avr/lib/avr5\libc.a(memcpy.o)
 .text          0x00000000        0x0 c:/program files (x86)/atmel/studio/7.0/toolchain/avr8/avr8-gnu-toolchain/bin/../lib/gcc/avr/5.4.0/../../../../avr/lib/avr5\libc.a(memmove.o)
 .data          0x00000000        0x0 c:/program files (x86)/atmel/studio/7.0/toolchain/avr8/avr8-gnu-toolchain/bin/../lib/gcc/avr/5.4.0/../../../../avr/lib/avr5\libc.a(memmove.o)
 .bss           0x00000000        0x0 c:/program files (x86)/atmel/studio/7.0/toolchain/avr8/avr8-gnu-toolchain/bin/../lib/gcc/avr/5.4.0/../../../../avr/lib/avr5\libc.a(memmove.o)
 .text.avr-libc
                0x00000000       0x24 c:/program files (x86)/atmel/studio/7.0/toolchain/avr8/avr8-gnu-toolchain/bin/../lib/gcc/avr/5.4.0/../../../../avr/lib/avr5\libc.a(memmove.o)
 .text          0x00000000        0x0 c:/program files (x86)/atmel/studio/7.0/toolchain/avr8/avr8-gnu-toolchain/bin/../lib/gcc/avr/5.4.0/../../../../avr/lib/avr5\libc.a(itoa_ncheck.o)
 .data          0x00000000        0x0 c:/program files (x86)/atmel/studio/7.0/toolchain/avr8/avr8-gnu-toolchain/bin/../lib/gcc/avr/5.4.0/../../../../avr/lib/avr5\libc.a(itoa_ncheck.o)
 .bss           0x00000000        0x0 c:/program files (x86)/atmel/studio/7.0/toolchain/avr8/avr8-gnu-toolchain/bin/../lib/gcc/avr/5.4.0/../../../../avr/lib/avr5\libc.a(itoa_ncheck.o)
 .text          0x00000000        0x0 c:/program files (x86)/atmel/studio/7.0/toolchain/avr8/avr8-gnu-toolchain/bin/../lib/gcc/avr/5.4.0/../../../../avr/lib/avr5\libc.a(utoa_ncheck.o)
 .data          0x00000000        0x0 c:/program files (x86)/atmel/studio/7.0/toolchain/avr8/avr8-gnu-toolchain/bin/../lib/gcc/avr/5.4.0/../../../../avr/lib/avr5\libc.a(utoa_ncheck.o)
 .bss           0x00000000        0x0 c:/program files (x86)/atmel/studio/7.0/toolchain/avr8/avr8-gnu-toolchain/bin/../lib/gcc/avr/5.4.0/../../../../avr/lib/avr5\libc.a(utoa_ncheck.o)
 .text          0x00000000        0x0 c:/program files (x86)/atmel/studio/7.0/toolchain/avr8/avr8-gnu-toolchain/bin/../lib/gcc/avr/5.4.0/../../../../avr/lib/avr5\libc.a(strrev.o)
 .data          0x00000000        0x0 c:/program files (x86)/atmel/studio/7.0/toolchain/avr8/avr8-gnu-toolchain/bin/../lib/gcc/avr/5.4.0/../../../../avr/lib/avr5\libc.a(strrev.o)
 .bss           0x00000000        0x0 c:/program files (x86)/atmel/studio/7.0/toolchain/avr8/avr8-gnu-toolchain/bin/../lib/gcc/avr/5.4.0/../../../../avr/lib/avr5\libc.a(strrev.o)

Memory Configuration

Name             Origin             Length             Attributes
text             0x00000000         0x00008000         xr
data             0x00800100         0x00000800         rw !x
eeprom           0x00810000         0x00000400         rw !x
fuse             0x00820000         0x00000003         rw !x
lock             0x00830000         0x00000400         rw !x
signature        0x00840000         0x00000400         rw !x
user_signatures  0x00850000         0x00000400         rw !x
*default*        0x00000000         0xffffffff

Linker script and memory map

Address of section .data set to 0x800100
LOAD c:/program files (x86)/atmel/studio/7.0/toolchain/avr8/avr8-gnu-toolchain/bin/../lib/gcc/avr/5.4.0/../../../../avr/lib/avr5/crtat90can32.o
LOAD adc.o
LOAD bss.o
LOAD encoder.o
LOAD HindsightCAN/CANCommon.o
LOAD HindsightCAN/CANMotorUnit.o
LOAD HindsightCAN/CANPacket.o
LOAD HindsightCAN/PortAT90CANxxx.o
LOAD main.o
LOAD messaging.o
LOAD motor.o
LOAD pwm.o
LOAD servo.o
LOAD spi.o
LOAD timers.o
LOAD usart.o
LOAD util.o
START GROUP
LOAD c:/program files (x86)/atmel/studio/7.0/toolchain/avr8/avr8-gnu-toolchain/bin/../lib/gcc/avr/5.4.0/../../../../avr/lib/avr5\libm.a
END GROUP
START GROUP
LOAD c:/program files (x86)/atmel/studio/7.0/toolchain/avr8/avr8-gnu-toolchain/bin/../lib/gcc/avr/5.4.0/avr5\libgcc.a
LOAD c:/program files (x86)/atmel/studio/7.0/toolchain/avr8/avr8-gnu-toolchain/bin/../lib/gcc/avr/5.4.0/../../../../avr/lib/avr5\libm.a
LOAD c:/program files (x86)/atmel/studio/7.0/toolchain/avr8/avr8-gnu-toolchain/bin/../lib/gcc/avr/5.4.0/../../../../avr/lib/avr5\libc.a
LOAD c:/program files (x86)/atmel/studio/7.0/toolchain/avr8/avr8-gnu-toolchain/bin/../lib/gcc/avr/5.4.0/../../../../avr/lib/avr5\libat90can32.a
END GROUP
                0x00000000                __TEXT_REGION_ORIGIN__ = DEFINED (__TEXT_REGION_ORIGIN__)?__TEXT_REGION_ORIGIN__:0x0
                [0x00800100]                __DATA_REGION_ORIGIN__ = DEFINED (__DATA_REGION_ORIGIN__)?__DATA_REGION_ORIGIN__:0x800060
                [0x00008000]                __TEXT_REGION_LENGTH__ = DEFINED (__TEXT_REGION_LENGTH__)?__TEXT_REGION_LENGTH__:0x20000
                [0x00000800]                __DATA_REGION_LENGTH__ = DEFINED (__DATA_REGION_LENGTH__)?__DATA_REGION_LENGTH__:0xffa0
                [0x00000400]                __EEPROM_REGION_LENGTH__ = DEFINED (__EEPROM_REGION_LENGTH__)?__EEPROM_REGION_LENGTH__:0x10000
                [0x00000003]                __FUSE_REGION_LENGTH__ = DEFINED (__FUSE_REGION_LENGTH__)?__FUSE_REGION_LENGTH__:0x400
                0x00000400                __LOCK_REGION_LENGTH__ = DEFINED (__LOCK_REGION_LENGTH__)?__LOCK_REGION_LENGTH__:0x400
                0x00000400                __SIGNATURE_REGION_LENGTH__ = DEFINED (__SIGNATURE_REGION_LENGTH__)?__SIGNATURE_REGION_LENGTH__:0x400
                0x00000400                __USER_SIGNATURE_REGION_LENGTH__ = DEFINED (__USER_SIGNATURE_REGION_LENGTH__)?__USER_SIGNATURE_REGION_LENGTH__:0x400

.hash
 *(.hash)

.dynsym
 *(.dynsym)

.dynstr
 *(.dynstr)

.gnu.version
 *(.gnu.version)

.gnu.version_d
 *(.gnu.version_d)

.gnu.version_r
 *(.gnu.version_r)

.rel.init
 *(.rel.init)

.rela.init
 *(.rela.init)

.rel.text
 *(.rel.text)
 *(.rel.text.*)
 *(.rel.gnu.linkonce.t*)

.rela.text
 *(.rela.text)
 *(.rela.text.*)
 *(.rela.gnu.linkonce.t*)

.rel.fini
 *(.rel.fini)

.rela.fini
 *(.rela.fini)

.rel.rodata
 *(.rel.rodata)
 *(.rel.rodata.*)
 *(.rel.gnu.linkonce.r*)

.rela.rodata
 *(.rela.rodata)
 *(.rela.rodata.*)
 *(.rela.gnu.linkonce.r*)

.rel.data
 *(.rel.data)
 *(.rel.data.*)
 *(.rel.gnu.linkonce.d*)

.rela.data
 *(.rela.data)
 *(.rela.data.*)
 *(.rela.gnu.linkonce.d*)

.rel.ctors
 *(.rel.ctors)

.rela.ctors
 *(.rela.ctors)

.rel.dtors
 *(.rel.dtors)

.rela.dtors
 *(.rela.dtors)

.rel.got
 *(.rel.got)

.rela.got
 *(.rela.got)

.rel.bss
 *(.rel.bss)

.rela.bss
 *(.rela.bss)

.rel.plt
 *(.rel.plt)

.rela.plt
 *(.rela.plt)

.text           0x00000000     0x2088
 *(.vectors)
 .vectors       0x00000000       0x94 c:/program files (x86)/atmel/studio/7.0/toolchain/avr8/avr8-gnu-toolchain/bin/../lib/gcc/avr/5.4.0/../../../../avr/lib/avr5/crtat90can32.o
                0x00000000                __vector_default
                0x00000000                __vectors
 *(.vectors)
 *(.progmem.gcc*)
                0x00000094                . = ALIGN (0x2)
                0x00000094                __trampolines_start = .
 *(.trampolines)
 .trampolines   0x00000094        0x0 linker stubs
 *(.trampolines*)
                0x00000094                __trampolines_end = .
 *libprintf_flt.a:*(.progmem.data)
 *libc.a:*(.progmem.data)
 *(.progmem*)
                0x00000094                . = ALIGN (0x2)
 *(.jumptables)
 *(.jumptables*)
 *(.lowtext)
 *(.lowtext*)
                0x00000094                __ctors_start = .
 *(.ctors)
                0x00000094                __ctors_end = .
                0x00000094                __dtors_start = .
 *(.dtors)
                0x00000094                __dtors_end = .
 SORT(*)(.ctors)
 SORT(*)(.dtors)
 *(.init0)
 .init0         0x00000094        0x0 c:/program files (x86)/atmel/studio/7.0/toolchain/avr8/avr8-gnu-toolchain/bin/../lib/gcc/avr/5.4.0/../../../../avr/lib/avr5/crtat90can32.o
                0x00000094                __init
 *(.init0)
 *(.init1)
 *(.init1)
 *(.init2)
 .init2         0x00000094        0xc c:/program files (x86)/atmel/studio/7.0/toolchain/avr8/avr8-gnu-toolchain/bin/../lib/gcc/avr/5.4.0/../../../../avr/lib/avr5/crtat90can32.o
 *(.init2)
 *(.init3)
 *(.init3)
 *(.init4)
 .init4         0x000000a0       0x16 c:/program files (x86)/atmel/studio/7.0/toolchain/avr8/avr8-gnu-toolchain/bin/../lib/gcc/avr/5.4.0/avr5\libgcc.a(_copy_data.o)
                0x000000a0                __do_copy_data
 .init4         0x000000b6       0x10 c:/program files (x86)/atmel/studio/7.0/toolchain/avr8/avr8-gnu-toolchain/bin/../lib/gcc/avr/5.4.0/avr5\libgcc.a(_clear_bss.o)
                0x000000b6                __do_clear_bss
 *(.init4)
 *(.init5)
 *(.init5)
 *(.init6)
 *(.init6)
 *(.init7)
 *(.init7)
 *(.init8)
 *(.init8)
 *(.init9)
 .init9         0x000000c6        0x8 c:/program files (x86)/atmel/studio/7.0/toolchain/avr8/avr8-gnu-toolchain/bin/../lib/gcc/avr/5.4.0/../../../../avr/lib/avr5/crtat90can32.o
 *(.init9)
 *(.text)
 .text          0x000000ce        0x4 c:/program files (x86)/atmel/studio/7.0/toolchain/avr8/avr8-gnu-toolchain/bin/../lib/gcc/avr/5.4.0/../../../../avr/lib/avr5/crtat90can32.o
                0x000000ce                __vector_22
                0x000000ce                __vector_28
                0x000000ce                __vector_1
                0x000000ce                __vector_34
                0x000000ce                __vector_24
                0x000000ce                __vector_12
                0x000000ce                __bad_interrupt
                0x000000ce                __vector_6
                0x000000ce                __vector_31
                0x000000ce                __vector_35
                0x000000ce                __vector_3
                0x000000ce                __vector_23
                0x000000ce                __vector_30
                0x000000ce                __vector_25
                0x000000ce                __vector_11
                0x000000ce                __vector_19
                0x000000ce                __vector_27
                0x000000ce                __vector_5
                0x000000ce                __vector_4
                0x000000ce                __vector_9
                0x000000ce                __vector_2
                0x000000ce                __vector_21
                0x000000ce                __vector_36
                0x000000ce                __vector_29
                0x000000ce                __vector_26
                0x000000ce                __vector_14
                0x000000ce                __vector_10
                0x000000ce                __vector_16
                0x000000ce                __vector_20
                0x000000d2                . = ALIGN (0x2)
 *(.text.*)
 .text.init_ADC
                0x000000d2       0x16 adc.o
                0x000000d2                init_ADC
 .text.read_ADC
                0x000000e8       0x2c adc.o
                0x000000e8                read_ADC
 .text.internalAREF
                0x00000114       0x24 adc.o
                0x00000114                internalAREF
 .text.detect_board
                0x00000138       0x1c bss.o
                0x00000138                detect_board
 .text.do_board_specific_setup
                0x00000154       0xbc bss.o
                0x00000154                do_board_specific_setup
 .text.__vector_17
                0x00000210       0x4e encoder.o
                0x00000210                __vector_17
 .text.get_encoder_ticks
                0x0000025e       0x12 encoder.o
                0x0000025e                get_encoder_ticks
 .text.set_encoder_ticks
                0x00000270       0x12 encoder.o
                0x00000270                set_encoder_ticks
 .text.init_encoder
                0x00000282       0x3e encoder.o
                0x00000282                init_encoder
 .text.reset_encoder
                0x000002c0       0x32 encoder.o
                0x000002c0                reset_encoder
 .text.get_encoder_velocity
                0x000002f2       0xd2 encoder.o
                0x000002f2                get_encoder_velocity
 .text.__vector_7
                0x000003c4      0x118 encoder.o
                0x000003c4                __vector_7
 .text.__vector_8
                0x000004dc      0x118 encoder.o
                0x000004dc                __vector_8
 .text.GetModeFromPacket
                0x000005f4        0x6 HindsightCAN/CANMotorUnit.o
                0x000005f4                GetModeFromPacket
 .text.GetPWMFromPacket
                0x000005fa       0x10 HindsightCAN/CANMotorUnit.o
                0x000005fa                GetPWMFromPacket
 .text.GetPIDTargetFromPacket
                0x0000060a       0x12 HindsightCAN/CANMotorUnit.o
                0x0000060a                GetPIDTargetFromPacket
 .text.GetEncoderPPJRFromPacket
                0x0000061c       0x10 HindsightCAN/CANMotorUnit.o
                0x0000061c                GetEncoderPPJRFromPacket
 .text.GetPacketID
                0x0000062c        0x8 HindsightCAN/CANPacket.o
                0x0000062c                GetPacketID
 .text.DecodeBytesToIntMSBFirst
                0x00000634       0xaa HindsightCAN/CANPacket.o
                0x00000634                DecodeBytesToIntMSBFirst
 .text.disable_mob_interrupt
                0x000006de       0x46 HindsightCAN/PortAT90CANxxx.o
                0x000006de                disable_mob_interrupt
 .text.enable_mob_interrupt
                0x00000724       0x42 HindsightCAN/PortAT90CANxxx.o
                0x00000724                enable_mob_interrupt
 .text.__vector_18
                0x00000766       0xce HindsightCAN/PortAT90CANxxx.o
                0x00000766                __vector_18
 .text.set_mob_rx_filter
                0x00000834       0x8c HindsightCAN/PortAT90CANxxx.o
                0x00000834                set_mob_rx_filter
 .text.init_CAN
                0x000008c0       0xac HindsightCAN/PortAT90CANxxx.o
                0x000008c0                init_CAN
 .text.InitCAN  0x0000096c       0x12 HindsightCAN/PortAT90CANxxx.o
                0x0000096c                InitCAN
 .text.PollAndReceiveCANPacket
                0x0000097e      0x12a HindsightCAN/PortAT90CANxxx.o
                0x0000097e                PollAndReceiveCANPacket
 .text.getLocalDeviceSerial
                0x00000aa8        0x6 HindsightCAN/PortAT90CANxxx.o
                0x00000aa8                getLocalDeviceSerial
 .text.dump_packet
                0x00000aae       0xc8 main.o
                0x00000aae                dump_packet
 .text.main     0x00000b76      0x158 main.o
                0x00000b76                main
 .text.handle_CAN_message
                0x00000cce      0x212 messaging.o
                0x00000cce                handle_CAN_message
 .text.set_motor_power_raw
                0x00000ee0       0x52 motor.o
                0x00000ee0                set_motor_power_raw
 .text.set_Kp   0x00000f32        0xe motor.o
                0x00000f32                set_Kp
 .text.set_Ki   0x00000f40        0xe motor.o
                0x00000f40                set_Ki
 .text.set_Kd   0x00000f4e        0xe motor.o
                0x00000f4e                set_Kd
 .text.set_target_position
                0x00000f5c       0x6c motor.o
                0x00000f5c                set_target_position
 .text.set_target_velocity
                0x00000fc8       0xb6 motor.o
                0x00000fc8                set_target_velocity
 .text.init_motor
                0x0000107e       0x98 motor.o
                0x0000107e                init_motor
 .text.enable_motor
                0x00001116       0x14 motor.o
                0x00001116                enable_motor
 .text.disable_motor
                0x0000112a       0x14 motor.o
                0x0000112a                disable_motor
 .text.set_motor_mode
                0x0000113e        0x6 motor.o
                0x0000113e                set_motor_mode
 .text.get_motor_mode
                0x00001144        0x6 motor.o
                0x00001144                get_motor_mode
 .text.get_motor_limit_switch_state
                0x0000114a       0x18 motor.o
                0x0000114a                get_motor_limit_switch_state
 .text.set_motor_power
                0x00001162       0x8c motor.o
                0x00001162                set_motor_power
 .text.motor_control_tick
                0x000011ee      0x59a motor.o
                0x000011ee                motor_control_tick
 .text.set_motor_reverse
                0x00001788        0x6 motor.o
                0x00001788                set_motor_reverse
 .text.write_PWM
                0x0000178e       0x4a pwm.o
                0x0000178e                write_PWM
 .text.__vector_13
                0x000017d8       0x16 servo.o
                0x000017d8                __vector_13
 .text.servo_high
                0x000017ee        0x4 servo.o
                0x000017ee                servo_high
 .text.init_servo
                0x000017f2       0x1a servo.o
                0x000017f2                init_servo
 .text.set_servo_position
                0x0000180c       0x32 servo.o
                0x0000180c                set_servo_position
 .text.__vector_15
                0x0000183e       0xa8 timers.o
                0x0000183e                __vector_15
 .text.setup_timers
                0x000018e6       0x48 timers.o
                0x000018e6                setup_timers
 .text.get_mS   0x0000192e       0x8c timers.o
                0x0000192e                get_mS
 .text.delay_mS
                0x000019ba       0x4a timers.o
                0x000019ba                delay_mS
 .text.__vector_32
                0x00001a04       0x48 usart.o
                0x00001a04                __vector_32
 .text.__vector_33
                0x00001a4c       0x62 usart.o
                0x00001a4c                __vector_33
 .text.usart_write
                0x00001aae       0xb2 usart.o
                0x00001aae                usart_write
 .text.usart_init
                0x00001b60       0x3a usart.o
                0x00001b60                usart_init
 .text.usart_write_char
                0x00001b9a       0x28 usart.o
                0x00001b9a                usart_write_char
 .text.usart_write_string
                0x00001bc2       0x16 usart.o
                0x00001bc2                usart_write_string
 .text.tprintf  0x00001bd8      0x21e usart.o
                0x00001bd8                tprintf
 .text.min      0x00001df6       0x14 util.o
                0x00001df6                min
 .text.set_LED  0x00001e0a       0x44 util.o
                0x00001e0a                set_LED
 .text.int_abs  0x00001e4e        0xc util.o
                0x00001e4e                int_abs
 .text.update_LEDS
                0x00001e5a       0x9e util.o
                0x00001e5a                update_LEDS
 .text.set_ticks_per_10degrees
                0x00001ef8        0xa util.o
                0x00001ef8                set_ticks_per_10degrees
 .text.libgcc.div
                0x00001f02       0x28 c:/program files (x86)/atmel/studio/7.0/toolchain/avr8/avr8-gnu-toolchain/bin/../lib/gcc/avr/5.4.0/avr5\libgcc.a(_udivmodhi4.o)
                0x00001f02                __udivmodhi4
 .text.libgcc.div
                0x00001f2a       0x28 c:/program files (x86)/atmel/studio/7.0/toolchain/avr8/avr8-gnu-toolchain/bin/../lib/gcc/avr/5.4.0/avr5\libgcc.a(_divmodhi4.o)
                0x00001f2a                _div
                0x00001f2a                __divmodhi4
 .text.libgcc.div
                0x00001f52       0x44 c:/program files (x86)/atmel/studio/7.0/toolchain/avr8/avr8-gnu-toolchain/bin/../lib/gcc/avr/5.4.0/avr5\libgcc.a(_udivmodsi4.o)
                0x00001f52                __udivmodsi4
 .text.libgcc.div
                0x00001f96       0x2e c:/program files (x86)/atmel/studio/7.0/toolchain/avr8/avr8-gnu-toolchain/bin/../lib/gcc/avr/5.4.0/avr5\libgcc.a(_divmodsi4.o)
                0x00001f96                __divmodsi4
 .text.libgcc.div
                0x00001fc4       0x10 c:/program files (x86)/atmel/studio/7.0/toolchain/avr8/avr8-gnu-toolchain/bin/../lib/gcc/avr/5.4.0/avr5\libgcc.a(_negsi2.o)
                0x00001fc4                __negsi2
 .text.libgcc.mul
                0x00001fd4       0x1e c:/program files (x86)/atmel/studio/7.0/toolchain/avr8/avr8-gnu-toolchain/bin/../lib/gcc/avr/5.4.0/avr5\libgcc.a(_umulhisi3.o)
                0x00001fd4                __umulhisi3
 .text.libgcc.mul
                0x00001ff2       0x16 c:/program files (x86)/atmel/studio/7.0/toolchain/avr8/avr8-gnu-toolchain/bin/../lib/gcc/avr/5.4.0/avr5\libgcc.a(_muluhisi3.o)
                0x00001ff2                __muluhisi3
 .text.avr-libc
                0x00002008       0x12 c:/program files (x86)/atmel/studio/7.0/toolchain/avr8/avr8-gnu-toolchain/bin/../lib/gcc/avr/5.4.0/../../../../avr/lib/avr5\libc.a(memcpy.o)
                0x00002008                memcpy
 .text.avr-libc
                0x0000201a       0x16 c:/program files (x86)/atmel/studio/7.0/toolchain/avr8/avr8-gnu-toolchain/bin/../lib/gcc/avr/5.4.0/../../../../avr/lib/avr5\libc.a(itoa_ncheck.o)
                0x0000201a                __itoa_ncheck
 .text.avr-libc
                0x00002030       0x34 c:/program files (x86)/atmel/studio/7.0/toolchain/avr8/avr8-gnu-toolchain/bin/../lib/gcc/avr/5.4.0/../../../../avr/lib/avr5\libc.a(utoa_ncheck.o)
                0x00002030                __utoa_ncheck
                0x00002032                __utoa_common
 .text.avr-libc
                0x00002064       0x20 c:/program files (x86)/atmel/studio/7.0/toolchain/avr8/avr8-gnu-toolchain/bin/../lib/gcc/avr/5.4.0/../../../../avr/lib/avr5\libc.a(strrev.o)
                0x00002064                strrev
                0x00002084                . = ALIGN (0x2)
 *(.fini9)
 .fini9         0x00002084        0x0 c:/program files (x86)/atmel/studio/7.0/toolchain/avr8/avr8-gnu-toolchain/bin/../lib/gcc/avr/5.4.0/avr5\libgcc.a(_exit.o)
                0x00002084                _exit
                0x00002084                exit
 *(.fini9)
 *(.fini8)
 *(.fini8)
 *(.fini7)
 *(.fini7)
 *(.fini6)
 *(.fini6)
 *(.fini5)
 *(.fini5)
 *(.fini4)
 *(.fini4)
 *(.fini3)
 *(.fini3)
 *(.fini2)
 *(.fini2)
 *(.fini1)
 *(.fini1)
 *(.fini0)
 .fini0         0x00002084        0x4 c:/program files (x86)/atmel/studio/7.0/toolchain/avr8/avr8-gnu-toolchain/bin/../lib/gcc/avr/5.4.0/avr5\libgcc.a(_exit.o)
 *(.fini0)
                0x00002088                _etext = .

.data           0x00800100      0x14a load address 0x00002088
                0x00800100                PROVIDE (__data_start, .)
 *(.data)
 *(.data*)
 .data.ppjr     0x00800100        0x4 messaging.o
                0x00800100                ppjr
 .data.ticks_per_degree_x10
                0x00800104        0x2 util.o
                0x00800104                ticks_per_degree_x10
 *(.gnu.linkonce.d*)
 *(.rodata)
 *(.rodata*)
 .rodata.str1.1
                0x00800106       0x48 bss.o
 .rodata.str1.1
                0x0080014e       0x44 main.o
 .rodata.str1.1
                0x00800192       0x67 messaging.o
 .rodata.str1.1
                0x008001f9       0x50 motor.o
                                 0x54 (size before relaxing)
 *(.gnu.linkonce.r*)
                0x0080024a                . = ALIGN (0x2)
 *fill*         0x00800249        0x1 
                0x0080024a                _edata = .
                0x0080024a                PROVIDE (__data_end, .)

.bss            0x0080024a       0x6e
                0x0080024a                PROVIDE (__bss_start, .)
 *(.bss)
 *(.bss*)
 .bss.last      0x0080024a        0x4 motor.o
                0x0080024a                last
 .bss.reverse   0x0080024e        0x1 motor.o
                0x0080024e                reverse
 *(COMMON)
 COMMON         0x0080024f        0xc encoder.o
                0x0080024f                old_velocity
                0x00800251                gate_control_top
                0x00800252                gate_control
                0x00800253                raw_velocity
                0x00800255                vticks
                0x00800257                encoder_ticks
 COMMON         0x0080025b        0x5 HindsightCAN/PortAT90CANxxx.o
                0x0080025b                devSer
                0x0080025c                rxed_mobs
                0x0080025e                msgs_av
                0x0080025f                devGrp
 COMMON         0x00800260       0x2f motor.o
                0x00800260                motor_power
                0x00800262                pid_runs
                0x00800264                Ki
                0x00800266                pos_i
                0x0080026a                motor_target_pos
                0x0080026e                motor_target_vel
                0x00800270                motor_max_pos
                0x00800274                av
                0x00800276                pid_target
                0x0080027a                slow
                0x0080027b                last_set
                0x0080027f                current
                0x00800281                tgt_inc
                0x00800282                Kd
                0x00800284                Kp
                0x00800286                avg
                0x00800288                motor_max_current
                0x0080028a                last_pos_err
                0x0080028e                motor_mode
 COMMON         0x0080028f        0x5 timers.o
                0x0080028f                PID_due
                0x00800290                TOF_Cnt
 COMMON         0x00800294       0x23 usart.o
                0x00800294                usart_TX_buf
                0x008002a4                txend
                0x008002a5                rxbp
                0x008002a6                usart_RX_buf
                0x008002b6                txbp
 COMMON         0x008002b7        0x1 util.o
                0x008002b7                LED_states
                0x008002b8                PROVIDE (__bss_end, .)
                0x00002088                __data_load_start = LOADADDR (.data)
                0x000021d2                __data_load_end = (__data_load_start + SIZEOF (.data))

.noinit         0x008002b8        0x0
                [!provide]                PROVIDE (__noinit_start, .)
 *(.noinit*)
                [!provide]                PROVIDE (__noinit_end, .)
                0x008002b8                _end = .
                [!provide]                PROVIDE (__heap_start, .)

.eeprom         0x00810000        0x0
 *(.eeprom*)
                0x00810000                __eeprom_end = .

.fuse
 *(.fuse)
 *(.lfuse)
 *(.hfuse)
 *(.efuse)

.lock
 *(.lock*)

.signature
 *(.signature*)

.user_signatures
 *(.user_signatures*)

.stab
 *(.stab)

.stabstr
 *(.stabstr)

.stab.excl
 *(.stab.excl)

.stab.exclstr
 *(.stab.exclstr)

.stab.index
 *(.stab.index)

.stab.indexstr
 *(.stab.indexstr)

.comment        0x00000000       0x30
 *(.comment)
 .comment       0x00000000       0x30 adc.o
                                 0x31 (size before relaxing)
 .comment       0x00000030       0x31 bss.o
 .comment       0x00000030       0x31 encoder.o
 .comment       0x00000030       0x31 HindsightCAN/CANMotorUnit.o
 .comment       0x00000030       0x31 HindsightCAN/CANPacket.o
 .comment       0x00000030       0x31 HindsightCAN/PortAT90CANxxx.o
 .comment       0x00000030       0x31 main.o
 .comment       0x00000030       0x31 messaging.o
 .comment       0x00000030       0x31 motor.o
 .comment       0x00000030       0x31 pwm.o
 .comment       0x00000030       0x31 servo.o
 .comment       0x00000030       0x31 timers.o
 .comment       0x00000030       0x31 usart.o
 .comment       0x00000030       0x31 util.o

.note.gnu.avr.deviceinfo
                0x00000000       0x3c
 .note.gnu.avr.deviceinfo
                0x00000000       0x3c c:/program files (x86)/atmel/studio/7.0/toolchain/avr8/avr8-gnu-toolchain/bin/../lib/gcc/avr/5.4.0/../../../../avr/lib/avr5/crtat90can32.o

.note.gnu.build-id
 *(.note.gnu.build-id)

.debug
 *(.debug)

.line
 *(.line)

.debug_srcinfo
 *(.debug_srcinfo)

.debug_sfnames
 *(.debug_sfnames)

.debug_aranges  0x00000000      0x550
 *(.debug_aranges)
 .debug_aranges
                0x00000000       0x40 adc.o
 .debug_aranges
                0x00000040       0x28 bss.o
 .debug_aranges
                0x00000068       0x58 encoder.o
 .debug_aranges
                0x000000c0       0xe0 HindsightCAN/CANMotorUnit.o
 .debug_aranges
                0x000001a0       0xa8 HindsightCAN/CANPacket.o
 .debug_aranges
                0x00000248       0x78 HindsightCAN/PortAT90CANxxx.o
 .debug_aranges
                0x000002c0       0x30 main.o
 .debug_aranges
                0x000002f0       0x20 messaging.o
 .debug_aranges
                0x00000310       0xd0 motor.o
 .debug_aranges
                0x000003e0       0x28 pwm.o
 .debug_aranges
                0x00000408       0x38 servo.o
 .debug_aranges
                0x00000440       0x40 timers.o
 .debug_aranges
                0x00000480       0x70 usart.o
 .debug_aranges
                0x000004f0       0x60 util.o

.debug_pubnames
 *(.debug_pubnames)

.debug_info     0x00000000     0x4aa8
 *(.debug_info .gnu.linkonce.wi.*)
 .debug_info    0x00000000      0xa2d c:/program files (x86)/atmel/studio/7.0/toolchain/avr8/avr8-gnu-toolchain/bin/../lib/gcc/avr/5.4.0/../../../../avr/lib/avr5/crtat90can32.o
 .debug_info    0x00000a2d      0x1a5 adc.o
 .debug_info    0x00000bd2      0x2d8 bss.o
 .debug_info    0x00000eaa      0x219 encoder.o
 .debug_info    0x000010c3      0xd2b HindsightCAN/CANMotorUnit.o
 .debug_info    0x00001dee      0x6db HindsightCAN/CANPacket.o
 .debug_info    0x000024c9      0x5a2 HindsightCAN/PortAT90CANxxx.o
 .debug_info    0x00002a6b      0x5af main.o
 .debug_info    0x0000301a      0x423 messaging.o
 .debug_info    0x0000343d      0x900 motor.o
 .debug_info    0x00003d3d       0xd7 pwm.o
 .debug_info    0x00003e14       0xde servo.o
 .debug_info    0x00003ef2      0x1b1 timers.o
 .debug_info    0x000040a3      0x729 usart.o
 .debug_info    0x000047cc      0x2dc util.o

.debug_abbrev   0x00000000     0x1d2b
 *(.debug_abbrev)
 .debug_abbrev  0x00000000      0x9a0 c:/program files (x86)/atmel/studio/7.0/toolchain/avr8/avr8-gnu-toolchain/bin/../lib/gcc/avr/5.4.0/../../../../avr/lib/avr5/crtat90can32.o
 .debug_abbrev  0x000009a0      0x10b adc.o
 .debug_abbrev  0x00000aab       0xcc bss.o
 .debug_abbrev  0x00000b77      0x112 encoder.o
 .debug_abbrev  0x00000c89      0x118 HindsightCAN/CANMotorUnit.o
 .debug_abbrev  0x00000da1      0x1d8 HindsightCAN/CANPacket.o
 .debug_abbrev  0x00000f79      0x26a HindsightCAN/PortAT90CANxxx.o
 .debug_abbrev  0x000011e3      0x1d8 main.o
 .debug_abbrev  0x000013bb      0x123 messaging.o
 .debug_abbrev  0x000014de      0x295 motor.o
 .debug_abbrev  0x00001773       0x7a pwm.o
 .debug_abbrev  0x000017ed       0x8e servo.o
 .debug_abbrev  0x0000187b       0xf0 timers.o
 .debug_abbrev  0x0000196b      0x2a8 usart.o
 .debug_abbrev  0x00001c13      0x118 util.o

.debug_line     0x00000000     0x2805
 *(.debug_line .debug_line.* .debug_line_end)
 .debug_line    0x00000000       0x1a c:/program files (x86)/atmel/studio/7.0/toolchain/avr8/avr8-gnu-toolchain/bin/../lib/gcc/avr/5.4.0/../../../../avr/lib/avr5/crtat90can32.o
 .debug_line    0x0000001a      0x17d adc.o
 .debug_line    0x00000197      0x197 bss.o
 .debug_line    0x0000032e      0x28a encoder.o
 .debug_line    0x000005b8      0x454 HindsightCAN/CANMotorUnit.o
 .debug_line    0x00000a0c      0x346 HindsightCAN/CANPacket.o
 .debug_line    0x00000d52      0x508 HindsightCAN/PortAT90CANxxx.o
 .debug_line    0x0000125a      0x35a main.o
 .debug_line    0x000015b4      0x1e7 messaging.o
 .debug_line    0x0000179b      0x62d motor.o
 .debug_line    0x00001dc8      0x11c pwm.o
 .debug_line    0x00001ee4      0x102 servo.o
 .debug_line    0x00001fe6      0x1a2 timers.o
 .debug_line    0x00002188      0x458 usart.o
 .debug_line    0x000025e0      0x225 util.o

.debug_frame    0x00000000      0xf6c
 *(.debug_frame)
 .debug_frame   0x00000000       0x64 adc.o
 .debug_frame   0x00000064       0x54 bss.o
 .debug_frame   0x000000b8       0xe8 encoder.o
 .debug_frame   0x000001a0      0x2f4 HindsightCAN/CANMotorUnit.o
 .debug_frame   0x00000494      0x17c HindsightCAN/CANPacket.o
 .debug_frame   0x00000610      0x160 HindsightCAN/PortAT90CANxxx.o
 .debug_frame   0x00000770       0xbc main.o
 .debug_frame   0x0000082c       0x9c messaging.o
 .debug_frame   0x000008c8      0x244 motor.o
 .debug_frame   0x00000b0c       0x34 pwm.o
 .debug_frame   0x00000b40       0x60 servo.o
 .debug_frame   0x00000ba0       0xe8 timers.o
 .debug_frame   0x00000c88      0x1dc usart.o
 .debug_frame   0x00000e64      0x108 util.o

.debug_str      0x00000000     0x1226
 *(.debug_str)
 .debug_str     0x00000000      0x39f c:/program files (x86)/atmel/studio/7.0/toolchain/avr8/avr8-gnu-toolchain/bin/../lib/gcc/avr/5.4.0/../../../../avr/lib/avr5/crtat90can32.o
 .debug_str     0x0000039f      0x17d adc.o
                                0x1b1 (size before relaxing)
 .debug_str     0x0000051c       0xa2 bss.o
                                0x226 (size before relaxing)
 .debug_str     0x000005be       0xc4 encoder.o
                                0x253 (size before relaxing)
 .debug_str     0x00000682      0x3ae HindsightCAN/CANMotorUnit.o
                                0x540 (size before relaxing)
 .debug_str     0x00000a30      0x1c3 HindsightCAN/CANPacket.o
                                0x408 (size before relaxing)
 .debug_str     0x00000bf3      0x1a0 HindsightCAN/PortAT90CANxxx.o
                                0x356 (size before relaxing)
 .debug_str     0x00000d93       0xb3 main.o
                                0x2f7 (size before relaxing)
 .debug_str     0x00000e46       0x64 messaging.o
                                0x2bf (size before relaxing)
 .debug_str     0x00000eaa      0x19a motor.o
                                0x476 (size before relaxing)
 .debug_str     0x00001044       0x17 pwm.o
                                0x186 (size before relaxing)
 .debug_str     0x0000105b       0x24 servo.o
                                0x1af (size before relaxing)
 .debug_str     0x0000107f       0x3b timers.o
                                0x1e5 (size before relaxing)
 .debug_str     0x000010ba      0x117 usart.o
                                0x2bb (size before relaxing)
 .debug_str     0x000011d1       0x55 util.o
                                0x234 (size before relaxing)

.debug_loc      0x00000000     0x3a7c
 *(.debug_loc)
 .debug_loc     0x00000000       0x39 adc.o
 .debug_loc     0x00000039      0x108 bss.o
 .debug_loc     0x00000141      0x1d7 encoder.o
 .debug_loc     0x00000318     0x1031 HindsightCAN/CANMotorUnit.o
 .debug_loc     0x00001349      0x72f HindsightCAN/CANPacket.o
 .debug_loc     0x00001a78      0x6f1 HindsightCAN/PortAT90CANxxx.o
 .debug_loc     0x00002169      0x28b main.o
 .debug_loc     0x000023f4      0x273 messaging.o
 .debug_loc     0x00002667      0x48f motor.o
 .debug_loc     0x00002af6       0xce pwm.o
 .debug_loc     0x00002bc4       0x57 servo.o
 .debug_loc     0x00002c1b      0x215 timers.o
 .debug_loc     0x00002e30      0x841 usart.o
 .debug_loc     0x00003671      0x40b util.o

.debug_macinfo
 *(.debug_macinfo)

.debug_weaknames
 *(.debug_weaknames)

.debug_funcnames
 *(.debug_funcnames)

.debug_typenames
 *(.debug_typenames)

.debug_varnames
 *(.debug_varnames)

.debug_pubtypes
 *(.debug_pubtypes)

.debug_ranges   0x00000000      0x4f0
 *(.debug_ranges)
 .debug_ranges  0x00000000       0x30 adc.o
 .debug_ranges  0x00000030       0x18 bss.o
 .debug_ranges  0x00000048       0x48 encoder.o
 .debug_ranges  0x00000090       0xd0 HindsightCAN/CANMotorUnit.o
 .debug_ranges  0x00000160       0xc8 HindsightCAN/CANPacket.o
 .debug_ranges  0x00000228       0xa0 HindsightCAN/PortAT90CANxxx.o
 .debug_ranges  0x000002c8       0x20 main.o
 .debug_ranges  0x000002e8       0x10 messaging.o
 .debug_ranges  0x000002f8       0xc0 motor.o
 .debug_ranges  0x000003b8       0x18 pwm.o
 .debug_ranges  0x000003d0       0x28 servo.o
 .debug_ranges  0x000003f8       0x30 timers.o
 .debug_ranges  0x00000428       0x78 usart.o
 .debug_ranges  0x000004a0       0x50 util.o

.debug_macro
 *(.debug_macro)
OUTPUT(MotorControlBoard.elf elf32-avr)
LOAD linker stubs
